// Jest Snapshot v1, https://goo.gl/fbAQLP

exports["Home article should render correctly 1"] = `
<div>
  <img
    alt="article"
    src="url"
  />
  <div
    data-testid="meta"
  >
    meta
  </div>
  <div
    data-testid="title"
  >
    Some title
  </div>
  <div
    data-testid="standfirst"
  >
    standfirst
  </div>
</div>
`;
