// Jest Snapshot v1, https://goo.gl/fbAQLP

exports[`SearchSuggestion component tests if components is rendered correctly 1`] = `
<div
  className="suggestions-container"
>
  <div
    className="suggestions-container__suggestion"
    key="id"
  >
    <Link
      href="/article/id"
    >
      <a>
        <div
          className="suggestions-container__title"
          data-testid="title"
          onClick={[Function]}
        >
          title
        </div>
      </a>
    </Link>
    <div
      className="suggestions-container__image-wrapper"
    >
      <img
        alt="article"
        data-testid="image"
        src="url"
      />
    </div>
  </div>
</div>
`;
